{
  "ast": {
    "headers": [
      {
        "month": 8,
        "year": 2025,
        "turn": 123,
        "rawMonth": "August",
        "rawYear": "2025",
        "rawTurn": "123",
        "unknownMonth": false,
        "invalidYear": false,
        "invalidTurn": false,
        "span": { "start": 0, "end": 31, "line": 1, "col": 1 }
      }
    ]
  },
  "diagnostics": []
}
